0 verbose cli /usr/local/bin/node /usr/local/bin/npm
1 info using npm@11.16.0
2 info using node@v24.18.0
3 silly config load:file:/usr/local/lib/node_modules/npm/npmrc
4 silly config load:file:/Users/mahesh/projects/blog/backend/.npmrc
5 silly config load:file:/Users/mahesh/.npmrc
6 silly config load:file:/usr/local/etc/npmrc
7 verbose title npm install typescript
8 verbose argv "install" "typescript" "--save-dev" "--cache" "/Users/mahesh/projects/blog/.npm-cache" "--legacy-peer-deps"
9 verbose logfile logs-max:10 dir:/Users/mahesh/projects/blog/.npm-cache/_logs/2026-07-23T04_42_11_314Z-
10 verbose logfile /Users/mahesh/projects/blog/.npm-cache/_logs/2026-07-23T04_42_11_314Z-debug-0.log
11 silly logfile done cleaning log files
12 silly packumentCache heap:2348810240 maxSize:587202560 maxEntrySize:293601280
13 silly idealTree buildDeps
14 silly fetch manifest typescript@*
15 silly packumentCache full:https://registry.npmjs.org/typescript cache-miss
16 verbose shrinkwrap failed to load node_modules/.package-lock.json missing from node_modules: node_modules/fsevents
17 http cache https://registry.npmjs.org/typescript 31ms (cache hit)
18 silly packumentCache full:https://registry.npmjs.org/typescript set size:15464052 disposed:false
19 silly placeDep ROOT typescript@7.0.2 OK for:  want: *
20 silly fetch manifest @typescript/typescript-aix-ppc64@7.0.2
21 silly packumentCache full:https://registry.npmjs.org/@typescript%2ftypescript-aix-ppc64 cache-miss
22 silly fetch manifest @typescript/typescript-linux-arm@7.0.2
23 silly packumentCache full:https://registry.npmjs.org/@typescript%2ftypescript-linux-arm cache-miss
24 silly fetch manifest @typescript/typescript-linux-x64@7.0.2
25 silly packumentCache full:https://registry.npmjs.org/@typescript%2ftypescript-linux-x64 cache-miss
26 silly fetch manifest @typescript/typescript-sunos-x64@7.0.2
27 silly packumentCache full:https://registry.npmjs.org/@typescript%2ftypescript-sunos-x64 cache-miss
28 silly fetch manifest @typescript/typescript-win32-x64@7.0.2
29 silly packumentCache full:https://registry.npmjs.org/@typescript%2ftypescript-win32-x64 cache-miss
30 silly fetch manifest @typescript/typescript-darwin-x64@7.0.2
31 silly packumentCache full:https://registry.npmjs.org/@typescript%2ftypescript-darwin-x64 cache-miss
32 silly fetch manifest @typescript/typescript-netbsd-x64@7.0.2
33 silly packumentCache full:https://registry.npmjs.org/@typescript%2ftypescript-netbsd-x64 cache-miss
34 http cache https://registry.npmjs.org/@typescript%2ftypescript-linux-arm 18ms (cache hit)
35 silly packumentCache full:https://registry.npmjs.org/@typescript%2ftypescript-linux-arm set size:36594 disposed:false
36 silly fetch manifest @typescript/typescript-freebsd-x64@7.0.2
37 silly packumentCache full:https://registry.npmjs.org/@typescript%2ftypescript-freebsd-x64 cache-miss
38 http cache https://registry.npmjs.org/@typescript%2ftypescript-aix-ppc64 20ms (cache hit)
39 silly packumentCache full:https://registry.npmjs.org/@typescript%2ftypescript-aix-ppc64 set size:6049 disposed:false
40 silly fetch manifest @typescript/typescript-linux-arm64@7.0.2
41 silly packumentCache full:https://registry.npmjs.org/@typescript%2ftypescript-linux-arm64 cache-miss
42 http cache https://registry.npmjs.org/@typescript%2ftypescript-sunos-x64 19ms (cache hit)
43 silly packumentCache full:https://registry.npmjs.org/@typescript%2ftypescript-sunos-x64 set size:6046 disposed:false
44 silly fetch manifest @typescript/typescript-linux-ppc64@7.0.2
45 silly packumentCache full:https://registry.npmjs.org/@typescript%2ftypescript-linux-ppc64 cache-miss
46 http cache https://registry.npmjs.org/@typescript%2ftypescript-linux-x64 20ms (cache hit)
47 silly packumentCache full:https://registry.npmjs.org/@typescript%2ftypescript-linux-x64 set size:36592 disposed:false
48 silly fetch manifest @typescript/typescript-linux-s390x@7.0.2
49 silly packumentCache full:https://registry.npmjs.org/@typescript%2ftypescript-linux-s390x cache-miss
50 http cache https://registry.npmjs.org/@typescript%2ftypescript-netbsd-x64 20ms (cache hit)
51 silly packumentCache full:https://registry.npmjs.org/@typescript%2ftypescript-netbsd-x64 set size:6065 disposed:false
52 silly fetch manifest @typescript/typescript-openbsd-x64@7.0.2
53 silly packumentCache full:https://registry.npmjs.org/@typescript%2ftypescript-openbsd-x64 cache-miss
54 http cache https://registry.npmjs.org/@typescript%2ftypescript-darwin-x64 21ms (cache hit)
55 silly packumentCache full:https://registry.npmjs.org/@typescript%2ftypescript-darwin-x64 set size:36707 disposed:false
56 silly fetch manifest @typescript/typescript-win32-arm64@7.0.2
57 silly packumentCache full:https://registry.npmjs.org/@typescript%2ftypescript-win32-arm64 cache-miss
58 http cache https://registry.npmjs.org/@typescript%2ftypescript-win32-x64 22ms (cache hit)
59 silly packumentCache full:https://registry.npmjs.org/@typescript%2ftypescript-win32-x64 set size:36591 disposed:false
60 silly fetch manifest @typescript/typescript-darwin-arm64@7.0.2
61 silly packumentCache full:https://registry.npmjs.org/@typescript%2ftypescript-darwin-arm64 cache-miss
62 http cache https://registry.npmjs.org/@typescript%2ftypescript-linux-ppc64 4ms (cache hit)
63 silly packumentCache full:https://registry.npmjs.org/@typescript%2ftypescript-linux-ppc64 set size:6087 disposed:false
64 silly fetch manifest @typescript/typescript-netbsd-arm64@7.0.2
65 silly packumentCache full:https://registry.npmjs.org/@typescript%2ftypescript-netbsd-arm64 cache-miss
66 http cache https://registry.npmjs.org/@typescript%2ftypescript-linux-arm64 5ms (cache hit)
67 silly packumentCache full:https://registry.npmjs.org/@typescript%2ftypescript-linux-arm64 set size:36824 disposed:false
68 silly fetch manifest @typescript/typescript-freebsd-arm64@7.0.2
69 silly packumentCache full:https://registry.npmjs.org/@typescript%2ftypescript-freebsd-arm64 cache-miss
70 http cache https://registry.npmjs.org/@typescript%2ftypescript-freebsd-x64 5ms (cache hit)
71 silly packumentCache full:https://registry.npmjs.org/@typescript%2ftypescript-freebsd-x64 set size:6088 disposed:false
72 silly fetch manifest @typescript/typescript-linux-loong64@7.0.2
73 silly packumentCache full:https://registry.npmjs.org/@typescript%2ftypescript-linux-loong64 cache-miss
74 http cache https://registry.npmjs.org/@typescript%2ftypescript-openbsd-x64 4ms (cache hit)
75 silly packumentCache full:https://registry.npmjs.org/@typescript%2ftypescript-openbsd-x64 set size:6086 disposed:false
76 silly fetch manifest @typescript/typescript-linux-riscv64@7.0.2
77 silly packumentCache full:https://registry.npmjs.org/@typescript%2ftypescript-linux-riscv64 cache-miss
78 http cache https://registry.npmjs.org/@typescript%2ftypescript-linux-s390x 6ms (cache hit)
79 silly packumentCache full:https://registry.npmjs.org/@typescript%2ftypescript-linux-s390x set size:6086 disposed:false
80 silly fetch manifest @typescript/typescript-openbsd-arm64@7.0.2
81 silly packumentCache full:https://registry.npmjs.org/@typescript%2ftypescript-openbsd-arm64 cache-miss
82 http cache https://registry.npmjs.org/@typescript%2ftypescript-win32-arm64 5ms (cache hit)
83 silly packumentCache full:https://registry.npmjs.org/@typescript%2ftypescript-win32-arm64 set size:36817 disposed:false
84 silly fetch manifest @typescript/typescript-linux-mips64el@7.0.2
85 silly packumentCache full:https://registry.npmjs.org/@typescript%2ftypescript-linux-mips64el cache-miss
86 http cache https://registry.npmjs.org/@typescript%2ftypescript-darwin-arm64 5ms (cache hit)
87 silly packumentCache full:https://registry.npmjs.org/@typescript%2ftypescript-darwin-arm64 set size:36936 disposed:false
88 http cache https://registry.npmjs.org/@typescript%2ftypescript-netbsd-arm64 5ms (cache hit)
89 silly packumentCache full:https://registry.npmjs.org/@typescript%2ftypescript-netbsd-arm64 set size:6109 disposed:false
90 http cache https://registry.npmjs.org/@typescript%2ftypescript-freebsd-arm64 5ms (cache hit)
91 silly packumentCache full:https://registry.npmjs.org/@typescript%2ftypescript-freebsd-arm64 set size:6126 disposed:false
92 http cache https://registry.npmjs.org/@typescript%2ftypescript-linux-loong64 4ms (cache hit)
93 silly packumentCache full:https://registry.npmjs.org/@typescript%2ftypescript-linux-loong64 set size:6127 disposed:false
94 http cache https://registry.npmjs.org/@typescript%2ftypescript-openbsd-arm64 4ms (cache hit)
95 silly packumentCache full:https://registry.npmjs.org/@typescript%2ftypescript-openbsd-arm64 set size:6126 disposed:false
96 http cache https://registry.npmjs.org/@typescript%2ftypescript-linux-riscv64 5ms (cache hit)
97 silly packumentCache full:https://registry.npmjs.org/@typescript%2ftypescript-linux-riscv64 set size:6127 disposed:false
98 http cache https://registry.npmjs.org/@typescript%2ftypescript-linux-mips64el 3ms (cache hit)
99 silly packumentCache full:https://registry.npmjs.org/@typescript%2ftypescript-linux-mips64el set size:6146 disposed:false
100 silly fetch manifest @esbuild/aix-ppc64@0.28.1
101 silly packumentCache full:https://registry.npmjs.org/@esbuild%2faix-ppc64 cache-miss
102 http cache https://registry.npmjs.org/@esbuild%2faix-ppc64 1ms (cache hit)
103 silly packumentCache full:https://registry.npmjs.org/@esbuild%2faix-ppc64 set size:65972 disposed:false
104 silly fetch manifest @esbuild/android-arm@0.28.1
105 silly packumentCache full:https://registry.npmjs.org/@esbuild%2fandroid-arm cache-miss
106 http cache https://registry.npmjs.org/@esbuild%2fandroid-arm 1ms (cache hit)
107 silly packumentCache full:https://registry.npmjs.org/@esbuild%2fandroid-arm set size:223400 disposed:false
108 silly fetch manifest @esbuild/android-arm64@0.28.1
109 silly packumentCache full:https://registry.npmjs.org/@esbuild%2fandroid-arm64 cache-miss
110 http cache https://registry.npmjs.org/@esbuild%2fandroid-arm64 2ms (cache hit)
111 silly packumentCache full:https://registry.npmjs.org/@esbuild%2fandroid-arm64 set size:202366 disposed:false
112 silly fetch manifest @esbuild/android-x64@0.28.1
113 silly packumentCache full:https://registry.npmjs.org/@esbuild%2fandroid-x64 cache-miss
114 http cache https://registry.npmjs.org/@esbuild%2fandroid-x64 1ms (cache hit)
115 silly packumentCache full:https://registry.npmjs.org/@esbuild%2fandroid-x64 set size:197200 disposed:false
116 silly fetch manifest @esbuild/darwin-x64@0.28.1
117 silly packumentCache full:https://registry.npmjs.org/@esbuild%2fdarwin-x64 cache-miss
118 http cache https://registry.npmjs.org/@esbuild%2fdarwin-x64 1ms (cache hit)
119 silly packumentCache full:https://registry.npmjs.org/@esbuild%2fdarwin-x64 set size:197848 disposed:false
120 silly fetch manifest @esbuild/freebsd-arm64@0.28.1
121 silly packumentCache full:https://registry.npmjs.org/@esbuild%2ffreebsd-arm64 cache-miss
122 http cache https://registry.npmjs.org/@esbuild%2ffreebsd-arm64 2ms (cache hit)
123 silly packumentCache full:https://registry.npmjs.org/@esbuild%2ffreebsd-arm64 set size:200534 disposed:false
124 silly fetch manifest @esbuild/freebsd-x64@0.28.1
125 silly packumentCache full:https://registry.npmjs.org/@esbuild%2ffreebsd-x64 cache-miss
126 http cache https://registry.npmjs.org/@esbuild%2ffreebsd-x64 1ms (cache hit)
127 silly packumentCache full:https://registry.npmjs.org/@esbuild%2ffreebsd-x64 set size:198734 disposed:false
128 silly fetch manifest @esbuild/linux-arm@0.28.1
129 silly packumentCache full:https://registry.npmjs.org/@esbuild%2flinux-arm cache-miss
130 http cache https://registry.npmjs.org/@esbuild%2flinux-arm 1ms (cache hit)
131 silly packumentCache full:https://registry.npmjs.org/@esbuild%2flinux-arm set size:196784 disposed:false
132 silly fetch manifest @esbuild/linux-arm64@0.28.1
133 silly packumentCache full:https://registry.npmjs.org/@esbuild%2flinux-arm64 cache-miss
134 http cache https://registry.npmjs.org/@esbuild%2flinux-arm64 2ms (cache hit)
135 silly packumentCache full:https://registry.npmjs.org/@esbuild%2flinux-arm64 set size:198939 disposed:false
136 silly fetch manifest @esbuild/linux-ia32@0.28.1
137 silly packumentCache full:https://registry.npmjs.org/@esbuild%2flinux-ia32 cache-miss
138 http cache https://registry.npmjs.org/@esbuild%2flinux-ia32 1ms (cache hit)
139 silly packumentCache full:https://registry.npmjs.org/@esbuild%2flinux-ia32 set size:197805 disposed:false
140 silly fetch manifest @esbuild/linux-loong64@0.28.1
141 silly packumentCache full:https://registry.npmjs.org/@esbuild%2flinux-loong64 cache-miss
142 http cache https://registry.npmjs.org/@esbuild%2flinux-loong64 2ms (cache hit)
143 silly packumentCache full:https://registry.npmjs.org/@esbuild%2flinux-loong64 set size:253896 disposed:false
144 silly fetch manifest @esbuild/linux-mips64el@0.28.1
145 silly packumentCache full:https://registry.npmjs.org/@esbuild%2flinux-mips64el cache-miss
146 http cache https://registry.npmjs.org/@esbuild%2flinux-mips64el 1ms (cache hit)
147 silly packumentCache full:https://registry.npmjs.org/@esbuild%2flinux-mips64el set size:202764 disposed:false
148 silly fetch manifest @esbuild/linux-ppc64@0.28.1
149 silly packumentCache full:https://registry.npmjs.org/@esbuild%2flinux-ppc64 cache-miss
150 http cache https://registry.npmjs.org/@esbuild%2flinux-ppc64 1ms (cache hit)
151 silly packumentCache full:https://registry.npmjs.org/@esbuild%2flinux-ppc64 set size:200994 disposed:false
152 silly fetch manifest @esbuild/linux-riscv64@0.28.1
153 silly packumentCache full:https://registry.npmjs.org/@esbuild%2flinux-riscv64 cache-miss
154 http cache https://registry.npmjs.org/@esbuild%2flinux-riscv64 2ms (cache hit)
155 silly packumentCache full:https://registry.npmjs.org/@esbuild%2flinux-riscv64 set size:200662 disposed:false
156 silly fetch manifest @esbuild/linux-s390x@0.28.1
157 silly packumentCache full:https://registry.npmjs.org/@esbuild%2flinux-s390x cache-miss
158 http cache https://registry.npmjs.org/@esbuild%2flinux-s390x 1ms (cache hit)
159 silly packumentCache full:https://registry.npmjs.org/@esbuild%2flinux-s390x set size:200463 disposed:false
160 silly fetch manifest @esbuild/linux-x64@0.28.1
161 silly packumentCache full:https://registry.npmjs.org/@esbuild%2flinux-x64 cache-miss
162 http cache https://registry.npmjs.org/@esbuild%2flinux-x64 1ms (cache hit)
163 silly packumentCache full:https://registry.npmjs.org/@esbuild%2flinux-x64 set size:197126 disposed:false
164 silly fetch manifest @esbuild/netbsd-arm64@0.28.1
165 silly packumentCache full:https://registry.npmjs.org/@esbuild%2fnetbsd-arm64 cache-miss
166 http cache https://registry.npmjs.org/@esbuild%2fnetbsd-arm64 1ms (cache hit)
167 silly packumentCache full:https://registry.npmjs.org/@esbuild%2fnetbsd-arm64 set size:42467 disposed:false
168 silly fetch manifest @esbuild/netbsd-x64@0.28.1
169 silly packumentCache full:https://registry.npmjs.org/@esbuild%2fnetbsd-x64 cache-miss
170 http cache https://registry.npmjs.org/@esbuild%2fnetbsd-x64 1ms (cache hit)
171 silly packumentCache full:https://registry.npmjs.org/@esbuild%2fnetbsd-x64 set size:195514 disposed:false
172 silly fetch manifest @esbuild/openbsd-arm64@0.28.1
173 silly packumentCache full:https://registry.npmjs.org/@esbuild%2fopenbsd-arm64 cache-miss
174 http cache https://registry.npmjs.org/@esbuild%2fopenbsd-arm64 1ms (cache hit)
175 silly packumentCache full:https://registry.npmjs.org/@esbuild%2fopenbsd-arm64 set size:47792 disposed:false
176 silly fetch manifest @esbuild/openbsd-x64@0.28.1
177 silly packumentCache full:https://registry.npmjs.org/@esbuild%2fopenbsd-x64 cache-miss
178 http cache https://registry.npmjs.org/@esbuild%2fopenbsd-x64 2ms (cache hit)
179 silly packumentCache full:https://registry.npmjs.org/@esbuild%2fopenbsd-x64 set size:198745 disposed:false
180 silly fetch manifest @esbuild/openharmony-arm64@0.28.1
181 silly packumentCache full:https://registry.npmjs.org/@esbuild%2fopenharmony-arm64 cache-miss
182 http cache https://registry.npmjs.org/@esbuild%2fopenharmony-arm64 1ms (cache hit)
183 silly packumentCache full:https://registry.npmjs.org/@esbuild%2fopenharmony-arm64 set size:31189 disposed:false
184 silly fetch manifest @esbuild/sunos-x64@0.28.1
185 silly packumentCache full:https://registry.npmjs.org/@esbuild%2fsunos-x64 cache-miss
186 http cache https://registry.npmjs.org/@esbuild%2fsunos-x64 1ms (cache hit)
187 silly packumentCache full:https://registry.npmjs.org/@esbuild%2fsunos-x64 set size:197370 disposed:false
188 silly fetch manifest @esbuild/win32-arm64@0.28.1
189 silly packumentCache full:https://registry.npmjs.org/@esbuild%2fwin32-arm64 cache-miss
190 http cache https://registry.npmjs.org/@esbuild%2fwin32-arm64 1ms (cache hit)
191 silly packumentCache full:https://registry.npmjs.org/@esbuild%2fwin32-arm64 set size:199171 disposed:false
192 silly fetch manifest @esbuild/win32-ia32@0.28.1
193 silly packumentCache full:https://registry.npmjs.org/@esbuild%2fwin32-ia32 cache-miss
194 http cache https://registry.npmjs.org/@esbuild%2fwin32-ia32 1ms (cache hit)
195 silly packumentCache full:https://registry.npmjs.org/@esbuild%2fwin32-ia32 set size:198030 disposed:false
196 silly fetch manifest @esbuild/win32-x64@0.28.1
197 silly packumentCache full:https://registry.npmjs.org/@esbuild%2fwin32-x64 cache-miss
198 http cache https://registry.npmjs.org/@esbuild%2fwin32-x64 4ms (cache hit)
199 silly packumentCache full:https://registry.npmjs.org/@esbuild%2fwin32-x64 set size:195722 disposed:false
200 silly placeDep ROOT @esbuild/aix-ppc64@0.28.1 OK for: esbuild@0.28.1 want: 0.28.1
201 silly placeDep ROOT @esbuild/android-arm@0.28.1 OK for: esbuild@0.28.1 want: 0.28.1
202 silly placeDep ROOT @esbuild/android-arm64@0.28.1 OK for: esbuild@0.28.1 want: 0.28.1
203 silly placeDep ROOT @esbuild/android-x64@0.28.1 OK for: esbuild@0.28.1 want: 0.28.1
204 silly placeDep ROOT @esbuild/darwin-x64@0.28.1 OK for: esbuild@0.28.1 want: 0.28.1
205 silly placeDep ROOT @esbuild/freebsd-arm64@0.28.1 OK for: esbuild@0.28.1 want: 0.28.1
206 silly placeDep ROOT @esbuild/freebsd-x64@0.28.1 OK for: esbuild@0.28.1 want: 0.28.1
207 silly placeDep ROOT @esbuild/linux-arm@0.28.1 OK for: esbuild@0.28.1 want: 0.28.1
208 silly placeDep ROOT @esbuild/linux-arm64@0.28.1 OK for: esbuild@0.28.1 want: 0.28.1
209 silly placeDep ROOT @esbuild/linux-ia32@0.28.1 OK for: esbuild@0.28.1 want: 0.28.1
210 silly placeDep ROOT @esbuild/linux-loong64@0.28.1 OK for: esbuild@0.28.1 want: 0.28.1
211 silly placeDep ROOT @esbuild/linux-mips64el@0.28.1 OK for: esbuild@0.28.1 want: 0.28.1
212 silly placeDep ROOT @esbuild/linux-ppc64@0.28.1 OK for: esbuild@0.28.1 want: 0.28.1
213 silly placeDep ROOT @esbuild/linux-riscv64@0.28.1 OK for: esbuild@0.28.1 want: 0.28.1
214 silly placeDep ROOT @esbuild/linux-s390x@0.28.1 OK for: esbuild@0.28.1 want: 0.28.1
215 silly placeDep ROOT @esbuild/linux-x64@0.28.1 OK for: esbuild@0.28.1 want: 0.28.1
216 silly placeDep ROOT @esbuild/netbsd-arm64@0.28.1 OK for: esbuild@0.28.1 want: 0.28.1
217 silly placeDep ROOT @esbuild/netbsd-x64@0.28.1 OK for: esbuild@0.28.1 want: 0.28.1
218 silly placeDep ROOT @esbuild/openbsd-arm64@0.28.1 OK for: esbuild@0.28.1 want: 0.28.1
219 silly placeDep ROOT @esbuild/openbsd-x64@0.28.1 OK for: esbuild@0.28.1 want: 0.28.1
220 silly placeDep ROOT @esbuild/openharmony-arm64@0.28.1 OK for: esbuild@0.28.1 want: 0.28.1
221 silly placeDep ROOT @esbuild/sunos-x64@0.28.1 OK for: esbuild@0.28.1 want: 0.28.1
222 silly placeDep ROOT @esbuild/win32-arm64@0.28.1 OK for: esbuild@0.28.1 want: 0.28.1
223 silly placeDep ROOT @esbuild/win32-ia32@0.28.1 OK for: esbuild@0.28.1 want: 0.28.1
224 silly placeDep ROOT @esbuild/win32-x64@0.28.1 OK for: esbuild@0.28.1 want: 0.28.1
225 silly fetch manifest @img/sharp-darwin-x64@0.34.5
226 silly packumentCache full:https://registry.npmjs.org/@img%2fsharp-darwin-x64 cache-miss
227 http fetch GET 200 https://registry.npmjs.org/@img%2fsharp-darwin-x64 277ms (cache miss)
228 silly packumentCache full:https://registry.npmjs.org/@img%2fsharp-darwin-x64 set size:undefined disposed:false
229 silly fetch manifest @img/sharp-libvips-darwin-x64@1.2.4
230 silly packumentCache full:https://registry.npmjs.org/@img%2fsharp-libvips-darwin-x64 cache-miss
231 http fetch GET 200 https://registry.npmjs.org/@img%2fsharp-libvips-darwin-x64 75ms (cache miss)
232 silly packumentCache full:https://registry.npmjs.org/@img%2fsharp-libvips-darwin-x64 set size:undefined disposed:false
233 silly fetch manifest @img/sharp-libvips-linux-arm@1.2.4
234 silly packumentCache full:https://registry.npmjs.org/@img%2fsharp-libvips-linux-arm cache-miss
235 http fetch GET 200 https://registry.npmjs.org/@img%2fsharp-libvips-linux-arm 72ms (cache miss)
236 silly packumentCache full:https://registry.npmjs.org/@img%2fsharp-libvips-linux-arm set size:undefined disposed:false
237 silly fetch manifest @img/sharp-libvips-linux-arm64@1.2.4
238 silly packumentCache full:https://registry.npmjs.org/@img%2fsharp-libvips-linux-arm64 cache-miss
239 http fetch GET 200 https://registry.npmjs.org/@img%2fsharp-libvips-linux-arm64 83ms (cache miss)
240 silly packumentCache full:https://registry.npmjs.org/@img%2fsharp-libvips-linux-arm64 set size:undefined disposed:false
241 silly fetch manifest @img/sharp-libvips-linux-ppc64@1.2.4
242 silly packumentCache full:https://registry.npmjs.org/@img%2fsharp-libvips-linux-ppc64 cache-miss
243 http fetch GET 200 https://registry.npmjs.org/@img%2fsharp-libvips-linux-ppc64 74ms (cache miss)
244 silly packumentCache full:https://registry.npmjs.org/@img%2fsharp-libvips-linux-ppc64 set size:undefined disposed:false
245 silly fetch manifest @img/sharp-libvips-linux-riscv64@1.2.4
246 silly packumentCache full:https://registry.npmjs.org/@img%2fsharp-libvips-linux-riscv64 cache-miss
247 http fetch GET 200 https://registry.npmjs.org/@img%2fsharp-libvips-linux-riscv64 77ms (cache miss)
248 silly packumentCache full:https://registry.npmjs.org/@img%2fsharp-libvips-linux-riscv64 set size:undefined disposed:false
249 silly fetch manifest @img/sharp-libvips-linux-s390x@1.2.4
250 silly packumentCache full:https://registry.npmjs.org/@img%2fsharp-libvips-linux-s390x cache-miss
251 http fetch GET 200 https://registry.npmjs.org/@img%2fsharp-libvips-linux-s390x 75ms (cache miss)
252 silly packumentCache full:https://registry.npmjs.org/@img%2fsharp-libvips-linux-s390x set size:undefined disposed:false
253 silly fetch manifest @img/sharp-libvips-linux-x64@1.2.4
254 silly packumentCache full:https://registry.npmjs.org/@img%2fsharp-libvips-linux-x64 cache-miss
255 http fetch GET 200 https://registry.npmjs.org/@img%2fsharp-libvips-linux-x64 86ms (cache miss)
256 silly packumentCache full:https://registry.npmjs.org/@img%2fsharp-libvips-linux-x64 set size:undefined disposed:false
257 silly fetch manifest @img/sharp-libvips-linuxmusl-arm64@1.2.4
258 silly packumentCache full:https://registry.npmjs.org/@img%2fsharp-libvips-linuxmusl-arm64 cache-miss
259 http fetch GET 200 https://registry.npmjs.org/@img%2fsharp-libvips-linuxmusl-arm64 82ms (cache miss)
260 silly packumentCache full:https://registry.npmjs.org/@img%2fsharp-libvips-linuxmusl-arm64 set size:undefined disposed:false
261 silly fetch manifest @img/sharp-libvips-linuxmusl-x64@1.2.4
262 silly packumentCache full:https://registry.npmjs.org/@img%2fsharp-libvips-linuxmusl-x64 cache-miss
263 http fetch GET 200 https://registry.npmjs.org/@img%2fsharp-libvips-linuxmusl-x64 81ms (cache miss)
264 silly packumentCache full:https://registry.npmjs.org/@img%2fsharp-libvips-linuxmusl-x64 set size:undefined disposed:false
265 silly fetch manifest @img/sharp-linux-arm@0.34.5
266 silly packumentCache full:https://registry.npmjs.org/@img%2fsharp-linux-arm cache-miss
267 http fetch GET 200 https://registry.npmjs.org/@img%2fsharp-linux-arm 79ms (cache miss)
268 silly packumentCache full:https://registry.npmjs.org/@img%2fsharp-linux-arm set size:undefined disposed:false
269 silly fetch manifest @img/sharp-linux-arm64@0.34.5
270 silly packumentCache full:https://registry.npmjs.org/@img%2fsharp-linux-arm64 cache-miss
271 http fetch GET 200 https://registry.npmjs.org/@img%2fsharp-linux-arm64 90ms (cache miss)
272 silly packumentCache full:https://registry.npmjs.org/@img%2fsharp-linux-arm64 set size:undefined disposed:false
273 silly fetch manifest @img/sharp-linux-ppc64@0.34.5
274 silly packumentCache full:https://registry.npmjs.org/@img%2fsharp-linux-ppc64 cache-miss
275 http fetch GET 200 https://registry.npmjs.org/@img%2fsharp-linux-ppc64 454ms (cache miss)
276 silly packumentCache full:https://registry.npmjs.org/@img%2fsharp-linux-ppc64 set size:undefined disposed:false
277 silly fetch manifest @img/sharp-linux-riscv64@0.34.5
278 silly packumentCache full:https://registry.npmjs.org/@img%2fsharp-linux-riscv64 cache-miss
279 http fetch GET 200 https://registry.npmjs.org/@img%2fsharp-linux-riscv64 96ms (cache miss)
280 silly packumentCache full:https://registry.npmjs.org/@img%2fsharp-linux-riscv64 set size:undefined disposed:false
281 silly fetch manifest @img/sharp-linux-s390x@0.34.5
282 silly packumentCache full:https://registry.npmjs.org/@img%2fsharp-linux-s390x cache-miss
283 http fetch GET 200 https://registry.npmjs.org/@img%2fsharp-linux-s390x 85ms (cache miss)
284 silly packumentCache full:https://registry.npmjs.org/@img%2fsharp-linux-s390x set size:undefined disposed:false
285 silly fetch manifest @img/sharp-linux-x64@0.34.5
286 silly packumentCache full:https://registry.npmjs.org/@img%2fsharp-linux-x64 cache-miss
287 http fetch GET 200 https://registry.npmjs.org/@img%2fsharp-linux-x64 79ms (cache miss)
288 silly packumentCache full:https://registry.npmjs.org/@img%2fsharp-linux-x64 set size:undefined disposed:false
289 silly fetch manifest @img/sharp-linuxmusl-arm64@0.34.5
290 silly packumentCache full:https://registry.npmjs.org/@img%2fsharp-linuxmusl-arm64 cache-miss
291 http fetch GET 200 https://registry.npmjs.org/@img%2fsharp-linuxmusl-arm64 82ms (cache miss)
292 silly packumentCache full:https://registry.npmjs.org/@img%2fsharp-linuxmusl-arm64 set size:undefined disposed:false
293 silly fetch manifest @img/sharp-linuxmusl-x64@0.34.5
294 silly packumentCache full:https://registry.npmjs.org/@img%2fsharp-linuxmusl-x64 cache-miss
295 http fetch GET 200 https://registry.npmjs.org/@img%2fsharp-linuxmusl-x64 81ms (cache miss)
296 silly packumentCache full:https://registry.npmjs.org/@img%2fsharp-linuxmusl-x64 set size:undefined disposed:false
297 silly fetch manifest @img/sharp-wasm32@0.34.5
298 silly packumentCache full:https://registry.npmjs.org/@img%2fsharp-wasm32 cache-miss
299 http fetch GET 200 https://registry.npmjs.org/@img%2fsharp-wasm32 85ms (cache miss)
300 silly packumentCache full:https://registry.npmjs.org/@img%2fsharp-wasm32 set size:undefined disposed:false
301 silly fetch manifest @img/sharp-win32-arm64@0.34.5
302 silly packumentCache full:https://registry.npmjs.org/@img%2fsharp-win32-arm64 cache-miss
303 http fetch GET 200 https://registry.npmjs.org/@img%2fsharp-win32-arm64 83ms (cache miss)
304 silly packumentCache full:https://registry.npmjs.org/@img%2fsharp-win32-arm64 set size:undefined disposed:false
305 silly fetch manifest @img/sharp-win32-ia32@0.34.5
306 silly packumentCache full:https://registry.npmjs.org/@img%2fsharp-win32-ia32 cache-miss
307 http fetch GET 200 https://registry.npmjs.org/@img%2fsharp-win32-ia32 98ms (cache miss)
308 silly packumentCache full:https://registry.npmjs.org/@img%2fsharp-win32-ia32 set size:undefined disposed:false
309 silly fetch manifest @img/sharp-win32-x64@0.34.5
310 silly packumentCache full:https://registry.npmjs.org/@img%2fsharp-win32-x64 cache-miss
311 http fetch GET 200 https://registry.npmjs.org/@img%2fsharp-win32-x64 78ms (cache miss)
312 silly packumentCache full:https://registry.npmjs.org/@img%2fsharp-win32-x64 set size:undefined disposed:false
313 silly placeDep ROOT @img/sharp-darwin-x64@0.34.5 OK for: sharp@0.34.5 want: 0.34.5
314 silly placeDep ROOT @img/sharp-libvips-darwin-x64@1.2.4 OK for: sharp@0.34.5 want: 1.2.4
315 silly placeDep ROOT @img/sharp-libvips-linux-arm@1.2.4 OK for: sharp@0.34.5 want: 1.2.4
316 silly placeDep ROOT @img/sharp-libvips-linux-arm64@1.2.4 OK for: sharp@0.34.5 want: 1.2.4
317 silly placeDep ROOT @img/sharp-libvips-linux-ppc64@1.2.4 OK for: sharp@0.34.5 want: 1.2.4
318 silly placeDep ROOT @img/sharp-libvips-linux-riscv64@1.2.4 OK for: sharp@0.34.5 want: 1.2.4
319 silly placeDep ROOT @img/sharp-libvips-linux-s390x@1.2.4 OK for: sharp@0.34.5 want: 1.2.4
320 silly placeDep ROOT @img/sharp-libvips-linux-x64@1.2.4 OK for: sharp@0.34.5 want: 1.2.4
321 silly placeDep ROOT @img/sharp-libvips-linuxmusl-arm64@1.2.4 OK for: sharp@0.34.5 want: 1.2.4
322 silly placeDep ROOT @img/sharp-libvips-linuxmusl-x64@1.2.4 OK for: sharp@0.34.5 want: 1.2.4
323 silly placeDep ROOT @img/sharp-linux-arm@0.34.5 OK for: sharp@0.34.5 want: 0.34.5
324 silly placeDep ROOT @img/sharp-linux-arm64@0.34.5 OK for: sharp@0.34.5 want: 0.34.5
325 silly placeDep ROOT @img/sharp-linux-ppc64@0.34.5 OK for: sharp@0.34.5 want: 0.34.5
326 silly placeDep ROOT @img/sharp-linux-riscv64@0.34.5 OK for: sharp@0.34.5 want: 0.34.5
327 silly placeDep ROOT @img/sharp-linux-s390x@0.34.5 OK for: sharp@0.34.5 want: 0.34.5
328 silly placeDep ROOT @img/sharp-linux-x64@0.34.5 OK for: sharp@0.34.5 want: 0.34.5
329 silly placeDep ROOT @img/sharp-linuxmusl-arm64@0.34.5 OK for: sharp@0.34.5 want: 0.34.5
330 silly placeDep ROOT @img/sharp-linuxmusl-x64@0.34.5 OK for: sharp@0.34.5 want: 0.34.5
331 silly placeDep ROOT @img/sharp-wasm32@0.34.5 OK for: sharp@0.34.5 want: 0.34.5
332 silly placeDep ROOT @img/sharp-win32-arm64@0.34.5 OK for: sharp@0.34.5 want: 0.34.5
333 silly placeDep ROOT @img/sharp-win32-ia32@0.34.5 OK for: sharp@0.34.5 want: 0.34.5
334 silly placeDep ROOT @img/sharp-win32-x64@0.34.5 OK for: sharp@0.34.5 want: 0.34.5
335 silly fetch manifest @emnapi/runtime@^1.7.0
336 silly packumentCache full:https://registry.npmjs.org/@emnapi%2fruntime cache-miss
337 http fetch GET 200 https://registry.npmjs.org/@emnapi%2fruntime 88ms (cache miss)
338 silly packumentCache full:https://registry.npmjs.org/@emnapi%2fruntime set size:undefined disposed:false
339 silly placeDep ROOT @emnapi/runtime@1.11.2 OK for: @img/sharp-wasm32@0.34.5 want: ^1.7.0
340 silly fetch manifest tslib@^2.4.0
341 silly packumentCache full:https://registry.npmjs.org/tslib cache-miss
342 http fetch GET 200 https://registry.npmjs.org/tslib 91ms (cache miss)
343 silly packumentCache full:https://registry.npmjs.org/tslib set size:undefined disposed:false
344 silly placeDep ROOT tslib@2.8.1 OK for: @emnapi/runtime@1.11.2 want: ^2.4.0
345 silly placeDep ROOT @typescript/typescript-aix-ppc64@7.0.2 OK for: typescript@7.0.2 want: 7.0.2
346 silly placeDep ROOT @typescript/typescript-darwin-arm64@7.0.2 OK for: typescript@7.0.2 want: 7.0.2
347 silly placeDep ROOT @typescript/typescript-darwin-x64@7.0.2 OK for: typescript@7.0.2 want: 7.0.2
348 silly placeDep ROOT @typescript/typescript-freebsd-arm64@7.0.2 OK for: typescript@7.0.2 want: 7.0.2
349 silly placeDep ROOT @typescript/typescript-freebsd-x64@7.0.2 OK for: typescript@7.0.2 want: 7.0.2
350 silly placeDep ROOT @typescript/typescript-linux-arm@7.0.2 OK for: typescript@7.0.2 want: 7.0.2
351 silly placeDep ROOT @typescript/typescript-linux-arm64@7.0.2 OK for: typescript@7.0.2 want: 7.0.2
352 silly placeDep ROOT @typescript/typescript-linux-loong64@7.0.2 OK for: typescript@7.0.2 want: 7.0.2
353 silly placeDep ROOT @typescript/typescript-linux-mips64el@7.0.2 OK for: typescript@7.0.2 want: 7.0.2
354 silly placeDep ROOT @typescript/typescript-linux-ppc64@7.0.2 OK for: typescript@7.0.2 want: 7.0.2
355 silly placeDep ROOT @typescript/typescript-linux-riscv64@7.0.2 OK for: typescript@7.0.2 want: 7.0.2
356 silly placeDep ROOT @typescript/typescript-linux-s390x@7.0.2 OK for: typescript@7.0.2 want: 7.0.2
357 silly placeDep ROOT @typescript/typescript-linux-x64@7.0.2 OK for: typescript@7.0.2 want: 7.0.2
358 silly placeDep ROOT @typescript/typescript-netbsd-arm64@7.0.2 OK for: typescript@7.0.2 want: 7.0.2
359 silly placeDep ROOT @typescript/typescript-netbsd-x64@7.0.2 OK for: typescript@7.0.2 want: 7.0.2
360 silly placeDep ROOT @typescript/typescript-openbsd-arm64@7.0.2 OK for: typescript@7.0.2 want: 7.0.2
361 silly placeDep ROOT @typescript/typescript-openbsd-x64@7.0.2 OK for: typescript@7.0.2 want: 7.0.2
362 silly placeDep ROOT @typescript/typescript-sunos-x64@7.0.2 OK for: typescript@7.0.2 want: 7.0.2
363 silly placeDep ROOT @typescript/typescript-win32-arm64@7.0.2 OK for: typescript@7.0.2 want: 7.0.2
364 silly placeDep ROOT @typescript/typescript-win32-x64@7.0.2 OK for: typescript@7.0.2 want: 7.0.2
365 silly fetch manifest @cloudflare/workerd-darwin-64@1.20260721.1
366 silly packumentCache full:https://registry.npmjs.org/@cloudflare%2fworkerd-darwin-64 cache-miss
367 http fetch GET 200 https://registry.npmjs.org/@cloudflare%2fworkerd-darwin-64 1036ms (cache miss)
368 silly packumentCache full:https://registry.npmjs.org/@cloudflare%2fworkerd-darwin-64 set size:undefined disposed:false
369 silly fetch manifest @cloudflare/workerd-linux-64@1.20260721.1
370 silly packumentCache full:https://registry.npmjs.org/@cloudflare%2fworkerd-linux-64 cache-miss
371 http fetch GET 200 https://registry.npmjs.org/@cloudflare%2fworkerd-linux-64 699ms (cache miss)
372 silly packumentCache full:https://registry.npmjs.org/@cloudflare%2fworkerd-linux-64 set size:undefined disposed:false
373 silly fetch manifest @cloudflare/workerd-linux-arm64@1.20260721.1
374 silly packumentCache full:https://registry.npmjs.org/@cloudflare%2fworkerd-linux-arm64 cache-miss
375 http fetch GET 200 https://registry.npmjs.org/@cloudflare%2fworkerd-linux-arm64 559ms (cache miss)
376 silly packumentCache full:https://registry.npmjs.org/@cloudflare%2fworkerd-linux-arm64 set size:undefined disposed:false
377 silly fetch manifest @cloudflare/workerd-windows-64@1.20260721.1
378 silly packumentCache full:https://registry.npmjs.org/@cloudflare%2fworkerd-windows-64 cache-miss
379 http fetch GET 200 https://registry.npmjs.org/@cloudflare%2fworkerd-windows-64 844ms (cache miss)
380 silly packumentCache full:https://registry.npmjs.org/@cloudflare%2fworkerd-windows-64 set size:undefined disposed:false
381 silly placeDep ROOT @cloudflare/workerd-darwin-64@1.20260721.1 OK for: workerd@1.20260721.1 want: 1.20260721.1
382 silly placeDep ROOT @cloudflare/workerd-linux-64@1.20260721.1 OK for: workerd@1.20260721.1 want: 1.20260721.1
383 silly placeDep ROOT @cloudflare/workerd-linux-arm64@1.20260721.1 OK for: workerd@1.20260721.1 want: 1.20260721.1
384 silly placeDep ROOT @cloudflare/workerd-windows-64@1.20260721.1 OK for: workerd@1.20260721.1 want: 1.20260721.1
385 silly reify moves {}
386 silly audit bulk request {
386 silly audit   '@cloudflare/kv-asset-handler': [ '0.5.0' ],
386 silly audit   '@cloudflare/unenv-preset': [ '2.16.1' ],
386 silly audit   '@cloudflare/workerd-darwin-arm64': [ '1.20260721.1' ],
386 silly audit   '@cloudflare/workers-types': [ '4.20260702.1' ],
386 silly audit   '@cspotcode/source-map-support': [ '0.8.1' ],
386 silly audit   '@esbuild/darwin-arm64': [ '0.28.1' ],
386 silly audit   '@img/colour': [ '1.1.0' ],
386 silly audit   '@img/sharp-darwin-arm64': [ '0.34.5' ],
386 silly audit   '@img/sharp-libvips-darwin-arm64': [ '1.2.4' ],
386 silly audit   '@jridgewell/resolve-uri': [ '3.1.2' ],
386 silly audit   '@jridgewell/sourcemap-codec': [ '1.5.5' ],
386 silly audit   '@jridgewell/trace-mapping': [ '0.3.9' ],
386 silly audit   '@mahe-npm/common': [ '1.1.2' ],
386 silly audit   '@poppinss/colors': [ '4.1.6' ],
386 silly audit   '@poppinss/dumper': [ '0.6.5' ],
386 silly audit   '@poppinss/exception': [ '1.2.3' ],
386 silly audit   '@prisma/client': [ '6.19.3' ],
386 silly audit   '@prisma/config': [ '6.19.3' ],
386 silly audit   '@prisma/debug': [ '6.19.3' ],
386 silly audit   '@prisma/engines': [ '6.19.3' ],
386 silly audit   '@prisma/engines-version': [ '7.1.1-3.c2990dca591cba766e3b7ef5d9e8a84796e47ab7' ],
386 silly audit   '@prisma/extension-accelerate': [ '1.3.0' ],
386 silly audit   '@prisma/fetch-engine': [ '6.19.3' ],
386 silly audit   '@prisma/get-platform': [ '6.19.3' ],
386 silly audit   '@sindresorhus/is': [ '7.2.0' ],
386 silly audit   '@speed-highlight/core': [ '1.2.17' ],
386 silly audit   '@standard-schema/spec': [ '1.1.0' ],
386 silly audit   '@types/bcrypt': [ '5.0.2' ],
386 silly audit   '@types/node': [ '26.1.1' ],
386 silly audit   bcryptjs: [ '3.0.3' ],
386 silly audit   'blake3-wasm': [ '2.1.5' ],
386 silly audit   c12: [ '3.1.0' ],
386 silly audit   chokidar: [ '4.0.3' ],
386 silly audit   citty: [ '0.1.6', '0.2.2' ],
386 silly audit   confbox: [ '0.2.4' ],
386 silly audit   consola: [ '3.4.2' ],
386 silly audit   cookie: [ '1.1.1' ],
386 silly audit   'deepmerge-ts': [ '7.1.5' ],
386 silly audit   defu: [ '6.1.7' ],
386 silly audit   destr: [ '2.0.5' ],
386 silly audit   'detect-libc': [ '2.1.2' ],
386 silly audit   dotenv: [ '16.6.1' ],
386 silly audit   effect: [ '3.21.0' ],
386 silly audit   empathic: [ '2.0.0' ],
386 silly audit   'error-stack-parser-es': [ '1.0.5' ],
386 silly audit   esbuild: [ '0.28.1' ],
386 silly audit   exsolve: [ '1.1.0' ],
386 silly audit   'fast-check': [ '3.23.2' ],
386 silly audit   fsevents: [ '2.3.3' ],
386 silly audit   giget: [ '2.0.0' ],
386 silly audit   hono: [ '4.12.31' ],
386 silly audit   jiti: [ '2.7.0' ],
386 silly audit   kleur: [ '4.1.5' ],
386 silly audit   miniflare: [ '4.20260721.0' ],
386 silly audit   'node-fetch-native': [ '1.6.7' ],
386 silly audit   nypm: [ '0.6.8' ],
386 silly audit   ohash: [ '2.0.11' ],
386 silly audit   'path-to-regexp': [ '6.3.0' ],
386 silly audit   pathe: [ '2.0.3' ],
386 silly audit   'perfect-debounce': [ '1.0.0' ],
386 silly audit   'pkg-types': [ '2.3.1' ],
386 silly audit   prisma: [ '6.19.3' ],
386 silly audit   'pure-rand': [ '6.1.0' ],
386 silly audit   rc9: [ '2.1.2' ],
386 silly audit   readdirp: [ '4.1.2' ],
386 silly audit   semver: [ '7.8.5' ],
386 silly audit   sharp: [ '0.34.5' ],
386 silly audit   'supports-color': [ '10.2.2' ],
386 silly audit   tinyexec: [ '1.2.4' ],
386 silly audit   undici: [ '7.28.0' ],
386 silly audit   'undici-types': [ '8.3.0' ],
386 silly audit   unenv: [ '2.0.0-rc.24' ],
386 silly audit   workerd: [ '1.20260721.1' ],
386 silly audit   wrangler: [ '4.113.0' ],
386 silly audit   ws: [ '8.21.0' ],
386 silly audit   youch: [ '4.1.0-beta.10' ],
386 silly audit   'youch-core': [ '0.3.3' ],
386 silly audit   zod: [ '3.25.76' ],
386 silly audit   typescript: [ '7.0.2' ],
386 silly audit   '@esbuild/aix-ppc64': [ '0.28.1' ],
386 silly audit   '@esbuild/android-arm': [ '0.28.1' ],
386 silly audit   '@esbuild/android-arm64': [ '0.28.1' ],
386 silly audit   '@esbuild/android-x64': [ '0.28.1' ],
386 silly audit   '@esbuild/darwin-x64': [ '0.28.1' ],
386 silly audit   '@esbuild/freebsd-arm64': [ '0.28.1' ],
386 silly audit   '@esbuild/freebsd-x64': [ '0.28.1' ],
386 silly audit   '@esbuild/linux-arm': [ '0.28.1' ],
386 silly audit   '@esbuild/linux-arm64': [ '0.28.1' ],
386 silly audit   '@esbuild/linux-ia32': [ '0.28.1' ],
386 silly audit   '@esbuild/linux-loong64': [ '0.28.1' ],
386 silly audit   '@esbuild/linux-mips64el': [ '0.28.1' ],
386 silly audit   '@esbuild/linux-ppc64': [ '0.28.1' ],
386 silly audit   '@esbuild/linux-riscv64': [ '0.28.1' ],
386 silly audit   '@esbuild/linux-s390x': [ '0.28.1' ],
386 silly audit   '@esbuild/linux-x64': [ '0.28.1' ],
386 silly audit   '@esbuild/netbsd-arm64': [ '0.28.1' ],
386 silly audit   '@esbuild/netbsd-x64': [ '0.28.1' ],
386 silly audit   '@esbuild/openbsd-arm64': [ '0.28.1' ],
386 silly audit   '@esbuild/openbsd-x64': [ '0.28.1' ],
386 silly audit   '@esbuild/openharmony-arm64': [ '0.28.1' ],
386 silly audit   '@esbuild/sunos-x64': [ '0.28.1' ],
386 silly audit   '@esbuild/win32-arm64': [ '0.28.1' ],
386 silly audit   '@esbuild/win32-ia32': [ '0.28.1' ],
386 silly audit   '@esbuild/win32-x64': [ '0.28.1' ],
386 silly audit   '@img/sharp-darwin-x64': [ '0.34.5' ],
386 silly audit   '@img/sharp-libvips-darwin-x64': [ '1.2.4' ],
386 silly audit   '@img/sharp-libvips-linux-arm': [ '1.2.4' ],
386 silly audit   '@img/sharp-libvips-linux-arm64': [ '1.2.4' ],
386 silly audit   '@img/sharp-libvips-linux-ppc64': [ '1.2.4' ],
386 silly audit   '@img/sharp-libvips-linux-riscv64': [ '1.2.4' ],
386 silly audit   '@img/sharp-libvips-linux-s390x': [ '1.2.4' ],
386 silly audit   '@img/sharp-libvips-linux-x64': [ '1.2.4' ],
386 silly audit   '@img/sharp-libvips-linuxmusl-arm64': [ '1.2.4' ],
386 silly audit   '@img/sharp-libvips-linuxmusl-x64': [ '1.2.4' ],
386 silly audit   '@img/sharp-linux-arm': [ '0.34.5' ],
386 silly audit   '@img/sharp-linux-arm64': [ '0.34.5' ],
386 silly audit   '@img/sharp-linux-ppc64': [ '0.34.5' ],
386 silly audit   '@img/sharp-linux-riscv64': [ '0.34.5' ],
386 silly audit   '@img/sharp-linux-s390x': [ '0.34.5' ],
386 silly audit   '@img/sharp-linux-x64': [ '0.34.5' ],
386 silly audit   '@img/sharp-linuxmusl-arm64': [ '0.34.5' ],
386 silly audit   '@img/sharp-linuxmusl-x64': [ '0.34.5' ],
386 silly audit   '@img/sharp-wasm32': [ '0.34.5' ],
386 silly audit   '@img/sharp-win32-arm64': [ '0.34.5' ],
386 silly audit   '@img/sharp-win32-ia32': [ '0.34.5' ],
386 silly audit   '@img/sharp-win32-x64': [ '0.34.5' ],
386 silly audit   '@emnapi/runtime': [ '1.11.2' ],
386 silly audit   tslib: [ '2.8.1' ],
386 silly audit   '@typescript/typescript-aix-ppc64': [ '7.0.2' ],
386 silly audit   '@typescript/typescript-darwin-arm64': [ '7.0.2' ],
386 silly audit   '@typescript/typescript-darwin-x64': [ '7.0.2' ],
386 silly audit   '@typescript/typescript-freebsd-arm64': [ '7.0.2' ],
386 silly audit   '@typescript/typescript-freebsd-x64': [ '7.0.2' ],
386 silly audit   '@typescript/typescript-linux-arm': [ '7.0.2' ],
386 silly audit   '@typescript/typescript-linux-arm64': [ '7.0.2' ],
386 silly audit   '@typescript/typescript-linux-loong64': [ '7.0.2' ],
386 silly audit   '@typescript/typescript-linux-mips64el': [ '7.0.2' ],
386 silly audit   '@typescript/typescript-linux-ppc64': [ '7.0.2' ],
386 silly audit   '@typescript/typescript-linux-riscv64': [ '7.0.2' ],
386 silly audit   '@typescript/typescript-linux-s390x': [ '7.0.2' ],
386 silly audit   '@typescript/typescript-linux-x64': [ '7.0.2' ],
386 silly audit   '@typescript/typescript-netbsd-arm64': [ '7.0.2' ],
386 silly audit   '@typescript/typescript-netbsd-x64': [ '7.0.2' ],
386 silly audit   '@typescript/typescript-openbsd-arm64': [ '7.0.2' ],
386 silly audit   '@typescript/typescript-openbsd-x64': [ '7.0.2' ],
386 silly audit   '@typescript/typescript-sunos-x64': [ '7.0.2' ],
386 silly audit   '@typescript/typescript-win32-arm64': [ '7.0.2' ],
386 silly audit   '@typescript/typescript-win32-x64': [ '7.0.2' ],
386 silly audit   '@cloudflare/workerd-darwin-64': [ '1.20260721.1' ],
386 silly audit   '@cloudflare/workerd-linux-64': [ '1.20260721.1' ],
386 silly audit   '@cloudflare/workerd-linux-arm64': [ '1.20260721.1' ],
386 silly audit   '@cloudflare/workerd-windows-64': [ '1.20260721.1' ]
386 silly audit }
387 http cache @typescript/typescript-darwin-arm64@https://registry.npmjs.org/@typescript/typescript-darwin-arm64/-/typescript-darwin-arm64-7.0.2.tgz 0ms (cache hit)
388 http cache typescript@https://registry.npmjs.org/typescript/-/typescript-7.0.2.tgz 0ms (cache hit)
389 silly packumentCache corgi:https://registry.npmjs.org/fsevents cache-miss
390 http fetch GET 200 https://registry.npmjs.org/fsevents 162ms (cache miss)
391 silly packumentCache corgi:https://registry.npmjs.org/fsevents set size:undefined disposed:false
392 http cache https://registry.npmjs.org/fsevents/-/fsevents-2.3.3.tgz 3ms (cache hit)
393 http fetch POST 200 https://registry.npmjs.org/-/npm/v1/security/advisories/bulk 1020ms
394 silly audit report {
394 silly audit report   sharp: [
394 silly audit report     {
394 silly audit report       id: 1124066,
394 silly audit report       url: 'https://github.com/advisories/GHSA-f88m-g3jw-g9cj',
394 silly audit report       title: 'sharp inherited vulnerabilities in libvips: CVE-2026-33327, CVE-2026-33328, CVE-2026-35590, CVE-2026-35591',
394 silly audit report       severity: 'high',
394 silly audit report       vulnerable_versions: '<0.35.0',
394 silly audit report       cwe: [Array],
394 silly audit report       cvss: [Object]
394 silly audit report     }
394 silly audit report   ]
394 silly audit report }
395 silly packumentCache corgi:https://registry.npmjs.org/sharp cache-miss
396 http fetch GET 200 https://registry.npmjs.org/sharp 89ms (cache miss)
397 silly packumentCache corgi:https://registry.npmjs.org/sharp set size:undefined disposed:false
398 silly packumentCache corgi:https://registry.npmjs.org/miniflare cache-miss
399 http fetch GET 200 https://registry.npmjs.org/miniflare 419ms (cache miss)
400 silly packumentCache corgi:https://registry.npmjs.org/miniflare set size:undefined disposed:false
401 silly packumentCache corgi:https://registry.npmjs.org/wrangler cache-miss
402 http fetch GET 200 https://registry.npmjs.org/wrangler 573ms (cache miss)
403 silly packumentCache corgi:https://registry.npmjs.org/wrangler set size:undefined disposed:false
404 silly ADD node_modules/@typescript/typescript-darwin-arm64
405 silly ADD node_modules/typescript
406 silly ADD node_modules/fsevents
407 warn allow-scripts 6 packages have install scripts not yet covered by allowScripts:
407 warn allow-scripts   @prisma/client@6.19.3 (install: (install scripts present))
407 warn allow-scripts   @prisma/engines@6.19.3 (install: (install scripts present))
407 warn allow-scripts   esbuild@0.28.1 (install: (install scripts present))
407 warn allow-scripts   prisma@6.19.3 (install: (install scripts present))
407 warn allow-scripts   sharp@0.34.5 (install: (install scripts present))
407 warn allow-scripts   workerd@1.20260721.1 (install: (install scripts present))
407 warn allow-scripts
407 warn allow-scripts Run `npm approve-scripts --allow-scripts-pending` to review, or `npm approve-scripts <pkg>` to allow.
408 verbose cwd /Users/mahesh/projects/blog/backend
409 verbose os Darwin 25.5.0
410 verbose node v24.18.0
411 verbose npm  v11.16.0
412 verbose exit 0
413 info ok
