0 verbose cli /usr/local/bin/node /usr/local/bin/npm
1 info using npm@11.16.0
2 info using node@v24.18.0
3 silly config load:file:/usr/local/lib/node_modules/npm/npmrc
4 silly config load:file:/Users/mahesh/projects/blog/common/.npmrc
5 silly config load:file:/Users/mahesh/.npmrc
6 silly config load:file:/usr/local/etc/npmrc
7 verbose title npm install typescript
8 verbose argv "install" "typescript" "--save-dev" "--cache" "/Users/mahesh/projects/blog/.npm-cache" "--legacy-peer-deps"
9 verbose logfile logs-max:10 dir:/Users/mahesh/projects/blog/.npm-cache/_logs/2026-07-23T04_40_54_480Z-
10 verbose logfile /Users/mahesh/projects/blog/.npm-cache/_logs/2026-07-23T04_40_54_480Z-debug-0.log
11 silly logfile done cleaning log files
12 silly packumentCache heap:2348810240 maxSize:587202560 maxEntrySize:293601280
13 silly idealTree buildDeps
14 silly fetch manifest typescript@*
15 silly packumentCache full:https://registry.npmjs.org/typescript cache-miss
16 http cache https://registry.npmjs.org/typescript 23ms (cache hit)
17 silly packumentCache full:https://registry.npmjs.org/typescript set size:15464052 disposed:false
18 silly placeDep ROOT typescript@7.0.2 OK for: @mahe-npm/common@1.1.2 want: *
19 silly fetch manifest @typescript/typescript-aix-ppc64@7.0.2
20 silly packumentCache full:https://registry.npmjs.org/@typescript%2ftypescript-aix-ppc64 cache-miss
21 silly fetch manifest @typescript/typescript-linux-arm@7.0.2
22 silly packumentCache full:https://registry.npmjs.org/@typescript%2ftypescript-linux-arm cache-miss
23 silly fetch manifest @typescript/typescript-linux-x64@7.0.2
24 silly packumentCache full:https://registry.npmjs.org/@typescript%2ftypescript-linux-x64 cache-miss
25 silly fetch manifest @typescript/typescript-sunos-x64@7.0.2
26 silly packumentCache full:https://registry.npmjs.org/@typescript%2ftypescript-sunos-x64 cache-miss
27 silly fetch manifest @typescript/typescript-win32-x64@7.0.2
28 silly packumentCache full:https://registry.npmjs.org/@typescript%2ftypescript-win32-x64 cache-miss
29 silly fetch manifest @typescript/typescript-darwin-x64@7.0.2
30 silly packumentCache full:https://registry.npmjs.org/@typescript%2ftypescript-darwin-x64 cache-miss
31 silly fetch manifest @typescript/typescript-netbsd-x64@7.0.2
32 silly packumentCache full:https://registry.npmjs.org/@typescript%2ftypescript-netbsd-x64 cache-miss
33 http fetch GET 200 https://registry.npmjs.org/@typescript%2ftypescript-aix-ppc64 335ms (cache miss)
34 silly packumentCache full:https://registry.npmjs.org/@typescript%2ftypescript-aix-ppc64 set size:undefined disposed:false
35 silly fetch manifest @typescript/typescript-freebsd-x64@7.0.2
36 silly packumentCache full:https://registry.npmjs.org/@typescript%2ftypescript-freebsd-x64 cache-miss
37 http fetch GET 200 https://registry.npmjs.org/@typescript%2ftypescript-netbsd-x64 335ms (cache miss)
38 silly packumentCache full:https://registry.npmjs.org/@typescript%2ftypescript-netbsd-x64 set size:undefined disposed:false
39 silly fetch manifest @typescript/typescript-linux-arm64@7.0.2
40 silly packumentCache full:https://registry.npmjs.org/@typescript%2ftypescript-linux-arm64 cache-miss
41 http fetch GET 200 https://registry.npmjs.org/@typescript%2ftypescript-sunos-x64 337ms (cache miss)
42 silly packumentCache full:https://registry.npmjs.org/@typescript%2ftypescript-sunos-x64 set size:undefined disposed:false
43 silly fetch manifest @typescript/typescript-linux-ppc64@7.0.2
44 silly packumentCache full:https://registry.npmjs.org/@typescript%2ftypescript-linux-ppc64 cache-miss
45 http fetch GET 200 https://registry.npmjs.org/@typescript%2ftypescript-linux-arm64 70ms (cache miss)
46 silly packumentCache full:https://registry.npmjs.org/@typescript%2ftypescript-linux-arm64 set size:undefined disposed:false
47 silly fetch manifest @typescript/typescript-linux-s390x@7.0.2
48 silly packumentCache full:https://registry.npmjs.org/@typescript%2ftypescript-linux-s390x cache-miss
49 http fetch GET 200 https://registry.npmjs.org/@typescript%2ftypescript-freebsd-x64 318ms (cache miss)
50 silly packumentCache full:https://registry.npmjs.org/@typescript%2ftypescript-freebsd-x64 set size:undefined disposed:false
51 silly fetch manifest @typescript/typescript-openbsd-x64@7.0.2
52 silly packumentCache full:https://registry.npmjs.org/@typescript%2ftypescript-openbsd-x64 cache-miss
53 http fetch GET 200 https://registry.npmjs.org/@typescript%2ftypescript-linux-ppc64 322ms (cache miss)
54 silly packumentCache full:https://registry.npmjs.org/@typescript%2ftypescript-linux-ppc64 set size:undefined disposed:false
55 silly fetch manifest @typescript/typescript-win32-arm64@7.0.2
56 silly packumentCache full:https://registry.npmjs.org/@typescript%2ftypescript-win32-arm64 cache-miss
57 http fetch GET 200 https://registry.npmjs.org/@typescript%2ftypescript-darwin-x64 767ms (cache miss)
58 silly packumentCache full:https://registry.npmjs.org/@typescript%2ftypescript-darwin-x64 set size:undefined disposed:false
59 silly fetch manifest @typescript/typescript-darwin-arm64@7.0.2
60 silly packumentCache full:https://registry.npmjs.org/@typescript%2ftypescript-darwin-arm64 cache-miss
61 http fetch GET 200 https://registry.npmjs.org/@typescript%2ftypescript-linux-arm 806ms (cache miss)
62 silly packumentCache full:https://registry.npmjs.org/@typescript%2ftypescript-linux-arm set size:undefined disposed:false
63 silly fetch manifest @typescript/typescript-netbsd-arm64@7.0.2
64 silly packumentCache full:https://registry.npmjs.org/@typescript%2ftypescript-netbsd-arm64 cache-miss
65 http fetch GET 200 https://registry.npmjs.org/@typescript%2ftypescript-win32-x64 807ms (cache miss)
66 silly packumentCache full:https://registry.npmjs.org/@typescript%2ftypescript-win32-x64 set size:undefined disposed:false
67 silly fetch manifest @typescript/typescript-freebsd-arm64@7.0.2
68 silly packumentCache full:https://registry.npmjs.org/@typescript%2ftypescript-freebsd-arm64 cache-miss
69 http fetch GET 200 https://registry.npmjs.org/@typescript%2ftypescript-openbsd-x64 332ms (cache miss)
70 silly packumentCache full:https://registry.npmjs.org/@typescript%2ftypescript-openbsd-x64 set size:undefined disposed:false
71 silly fetch manifest @typescript/typescript-linux-loong64@7.0.2
72 silly packumentCache full:https://registry.npmjs.org/@typescript%2ftypescript-linux-loong64 cache-miss
73 http fetch GET 200 https://registry.npmjs.org/@typescript%2ftypescript-linux-s390x 719ms (cache miss)
74 silly packumentCache full:https://registry.npmjs.org/@typescript%2ftypescript-linux-s390x set size:undefined disposed:false
75 silly fetch manifest @typescript/typescript-linux-riscv64@7.0.2
76 silly packumentCache full:https://registry.npmjs.org/@typescript%2ftypescript-linux-riscv64 cache-miss
77 http fetch GET 200 https://registry.npmjs.org/@typescript%2ftypescript-netbsd-arm64 333ms (cache miss)
78 silly packumentCache full:https://registry.npmjs.org/@typescript%2ftypescript-netbsd-arm64 set size:undefined disposed:false
79 silly fetch manifest @typescript/typescript-openbsd-arm64@7.0.2
80 silly packumentCache full:https://registry.npmjs.org/@typescript%2ftypescript-openbsd-arm64 cache-miss
81 http fetch GET 200 https://registry.npmjs.org/@typescript%2ftypescript-linux-x64 1142ms (cache miss)
82 silly packumentCache full:https://registry.npmjs.org/@typescript%2ftypescript-linux-x64 set size:undefined disposed:false
83 silly fetch manifest @typescript/typescript-linux-mips64el@7.0.2
84 silly packumentCache full:https://registry.npmjs.org/@typescript%2ftypescript-linux-mips64el cache-miss
85 http fetch GET 200 https://registry.npmjs.org/@typescript%2ftypescript-linux-riscv64 71ms (cache miss)
86 silly packumentCache full:https://registry.npmjs.org/@typescript%2ftypescript-linux-riscv64 set size:undefined disposed:false
87 http fetch GET 200 https://registry.npmjs.org/@typescript%2ftypescript-linux-loong64 239ms (cache miss)
88 silly packumentCache full:https://registry.npmjs.org/@typescript%2ftypescript-linux-loong64 set size:undefined disposed:false
89 http fetch GET 200 https://registry.npmjs.org/@typescript%2ftypescript-linux-mips64el 104ms (cache miss)
90 silly packumentCache full:https://registry.npmjs.org/@typescript%2ftypescript-linux-mips64el set size:undefined disposed:false
91 http fetch GET 200 https://registry.npmjs.org/@typescript%2ftypescript-darwin-arm64 553ms (cache miss)
92 silly packumentCache full:https://registry.npmjs.org/@typescript%2ftypescript-darwin-arm64 set size:undefined disposed:false
93 http fetch GET 200 https://registry.npmjs.org/@typescript%2ftypescript-freebsd-arm64 570ms (cache miss)
94 silly packumentCache full:https://registry.npmjs.org/@typescript%2ftypescript-freebsd-arm64 set size:undefined disposed:false
95 http fetch GET 200 https://registry.npmjs.org/@typescript%2ftypescript-win32-arm64 733ms (cache miss)
96 silly packumentCache full:https://registry.npmjs.org/@typescript%2ftypescript-win32-arm64 set size:undefined disposed:false
97 http fetch GET 200 https://registry.npmjs.org/@typescript%2ftypescript-openbsd-arm64 827ms (cache miss)
98 silly packumentCache full:https://registry.npmjs.org/@typescript%2ftypescript-openbsd-arm64 set size:undefined disposed:false
99 silly placeDep ROOT @typescript/typescript-aix-ppc64@7.0.2 OK for: typescript@7.0.2 want: 7.0.2
100 silly placeDep ROOT @typescript/typescript-darwin-arm64@7.0.2 OK for: typescript@7.0.2 want: 7.0.2
101 silly placeDep ROOT @typescript/typescript-darwin-x64@7.0.2 OK for: typescript@7.0.2 want: 7.0.2
102 silly placeDep ROOT @typescript/typescript-freebsd-arm64@7.0.2 OK for: typescript@7.0.2 want: 7.0.2
103 silly placeDep ROOT @typescript/typescript-freebsd-x64@7.0.2 OK for: typescript@7.0.2 want: 7.0.2
104 silly placeDep ROOT @typescript/typescript-linux-arm@7.0.2 OK for: typescript@7.0.2 want: 7.0.2
105 silly placeDep ROOT @typescript/typescript-linux-arm64@7.0.2 OK for: typescript@7.0.2 want: 7.0.2
106 silly placeDep ROOT @typescript/typescript-linux-loong64@7.0.2 OK for: typescript@7.0.2 want: 7.0.2
107 silly placeDep ROOT @typescript/typescript-linux-mips64el@7.0.2 OK for: typescript@7.0.2 want: 7.0.2
108 silly placeDep ROOT @typescript/typescript-linux-ppc64@7.0.2 OK for: typescript@7.0.2 want: 7.0.2
109 silly placeDep ROOT @typescript/typescript-linux-riscv64@7.0.2 OK for: typescript@7.0.2 want: 7.0.2
110 silly placeDep ROOT @typescript/typescript-linux-s390x@7.0.2 OK for: typescript@7.0.2 want: 7.0.2
111 silly placeDep ROOT @typescript/typescript-linux-x64@7.0.2 OK for: typescript@7.0.2 want: 7.0.2
112 silly placeDep ROOT @typescript/typescript-netbsd-arm64@7.0.2 OK for: typescript@7.0.2 want: 7.0.2
113 silly placeDep ROOT @typescript/typescript-netbsd-x64@7.0.2 OK for: typescript@7.0.2 want: 7.0.2
114 silly placeDep ROOT @typescript/typescript-openbsd-arm64@7.0.2 OK for: typescript@7.0.2 want: 7.0.2
115 silly placeDep ROOT @typescript/typescript-openbsd-x64@7.0.2 OK for: typescript@7.0.2 want: 7.0.2
116 silly placeDep ROOT @typescript/typescript-sunos-x64@7.0.2 OK for: typescript@7.0.2 want: 7.0.2
117 silly placeDep ROOT @typescript/typescript-win32-arm64@7.0.2 OK for: typescript@7.0.2 want: 7.0.2
118 silly placeDep ROOT @typescript/typescript-win32-x64@7.0.2 OK for: typescript@7.0.2 want: 7.0.2
119 silly reify moves {}
120 silly audit bulk request {
120 silly audit   zod: [ '3.24.2' ],
120 silly audit   typescript: [ '7.0.2' ],
120 silly audit   '@typescript/typescript-aix-ppc64': [ '7.0.2' ],
120 silly audit   '@typescript/typescript-darwin-arm64': [ '7.0.2' ],
120 silly audit   '@typescript/typescript-darwin-x64': [ '7.0.2' ],
120 silly audit   '@typescript/typescript-freebsd-arm64': [ '7.0.2' ],
120 silly audit   '@typescript/typescript-freebsd-x64': [ '7.0.2' ],
120 silly audit   '@typescript/typescript-linux-arm': [ '7.0.2' ],
120 silly audit   '@typescript/typescript-linux-arm64': [ '7.0.2' ],
120 silly audit   '@typescript/typescript-linux-loong64': [ '7.0.2' ],
120 silly audit   '@typescript/typescript-linux-mips64el': [ '7.0.2' ],
120 silly audit   '@typescript/typescript-linux-ppc64': [ '7.0.2' ],
120 silly audit   '@typescript/typescript-linux-riscv64': [ '7.0.2' ],
120 silly audit   '@typescript/typescript-linux-s390x': [ '7.0.2' ],
120 silly audit   '@typescript/typescript-linux-x64': [ '7.0.2' ],
120 silly audit   '@typescript/typescript-netbsd-arm64': [ '7.0.2' ],
120 silly audit   '@typescript/typescript-netbsd-x64': [ '7.0.2' ],
120 silly audit   '@typescript/typescript-openbsd-arm64': [ '7.0.2' ],
120 silly audit   '@typescript/typescript-openbsd-x64': [ '7.0.2' ],
120 silly audit   '@typescript/typescript-sunos-x64': [ '7.0.2' ],
120 silly audit   '@typescript/typescript-win32-arm64': [ '7.0.2' ],
120 silly audit   '@typescript/typescript-win32-x64': [ '7.0.2' ]
120 silly audit }
121 http cache @typescript/typescript-darwin-arm64@https://registry.npmjs.org/@typescript/typescript-darwin-arm64/-/typescript-darwin-arm64-7.0.2.tgz 0ms (cache hit)
122 http cache typescript@https://registry.npmjs.org/typescript/-/typescript-7.0.2.tgz 0ms (cache hit)
123 silly tarball no local data for @typescript/typescript-darwin-arm64@https://registry.npmjs.org/@typescript/typescript-darwin-arm64/-/typescript-darwin-arm64-7.0.2.tgz. Extracting by manifest.
124 silly tarball no local data for typescript@https://registry.npmjs.org/typescript/-/typescript-7.0.2.tgz. Extracting by manifest.
125 http fetch GET 200 https://registry.npmjs.org/typescript/-/typescript-7.0.2.tgz 211ms (cache miss)
126 http fetch POST 200 https://registry.npmjs.org/-/npm/v1/security/advisories/bulk 582ms
127 silly audit report {}
128 http fetch GET 200 https://registry.npmjs.org/@typescript/typescript-darwin-arm64/-/typescript-darwin-arm64-7.0.2.tgz 1646ms (cache miss)
129 silly ADD node_modules/@typescript/typescript-darwin-arm64
130 silly ADD node_modules/typescript
131 verbose cwd /Users/mahesh/projects/blog/common
132 verbose os Darwin 25.5.0
133 verbose node v24.18.0
134 verbose npm  v11.16.0
135 verbose exit 0
136 info ok
